// Vitest Snapshot v1, https://vitest.dev/guide/snapshot.html

exports[`extension message catalogs > matches the exported message surface 1`] = `
{
  "browsers/browsers-lib/messages.ts": [
    "addonInstallError: function(2)",
    "bannerEventHandlerFailed: function(1)",
    "bestEffortBannerPrintFailed: function(1)",
    "browserInstanceAlreadyRunning: function(1)",
    "browserInstanceExited: function(1)",
    "browserLaunchError: function(2)",
    "browserNotInstalledError: function(2)",
    "browserPluginFailedToLoad: function(2)",
    "browserRunnerError: function(1)",
    "capitalizedBrowserName: function(1)",
    "cdpAutoAttachSetupFailed: function(1)",
    "cdpClientAttachedToTarget: function(2)",
    "cdpClientBrowserConnectionEstablished: function(0)",
    "cdpClientConnected: function(2)",
    "cdpClientConnectionClosed: function(0)",
    "cdpClientConnectionError: function(1)",
    "cdpClientExtensionInfoFailed: function(2)",
    "cdpClientExtensionLoadFailed: function(2)",
    "cdpClientExtensionReloadFailed: function(2)",
    "cdpClientExtensionUnloadFailed: function(2)",
    "cdpClientFinalHTMLWithShadowDOMLength: function(1)",
    "cdpClientFoundTargets: function(1)",
    "cdpClientLoadEventTimeout: function(0)",
    "cdpClientMessageParseError: function(1)",
    "cdpClientPageLoadEventFired: function(0)",
    "cdpClientProcessingShadowDOM: function(0)",
    "cdpClientReturningMainHTML: function(0)",
    "cdpClientShadowDOMContentFound: function(1)",
    "cdpClientShadowDOMContentLength: function(1)",
    "cdpClientTargetWebSocketUrlStored: function(0)",
    "cdpClientTestingEvaluation: function(0)",
    "cdpFailedToHandleMessage: function(1)",
    "cdpFallbackManifestReadFailed: function(1)",
    "cdpPendingRejectFailed: function(1)",
    "cdpProtocolEventHandlerError: function(1)",
    "cdpUnifiedExtensionLog: function(2)",
    "chromeFailedToSpawn: function(1)",
    "chromeInitializingEnhancedReload: function(0)",
    "chromeProcessError: function(1)",
    "chromeProcessExited: function(1)",
    "chromeRemoteDebuggingReady: function(0)",
    "chromiumDeveloperModeGuidance: function(1)",
    "chromiumDryRunBinary: function(1)",
    "chromiumDryRunFlags: function(1)",
    "chromiumDryRunNotLaunching: function(0)",
    "chromiumHardReloadFailed: function(1)",
    "connectionClosedError: function(1)",
    "creatingUserProfile: function(1)",
    "devChromeProfilePath: function(1)",
    "devChromiumDebugPort: function(2)",
    "devFirefoxDebugPort: function(2)",
    "devFirefoxProfilePath: function(1)",
    "devHtmlSampleLate: function(1)",
    "devHtmlSampleRetry: function(1)",
    "devSvelteProbeDetected: function(1)",
    "emptyLine: function(0)",
    "enhancedProcessManagementCleanup: function(1)",
    "enhancedProcessManagementCleanupError: function(2)",
    "enhancedProcessManagementForceKill: function(1)",
    "enhancedProcessManagementInstanceCleanup: function(1)",
    "enhancedProcessManagementInstanceCleanupComplete: function(1)",
    "enhancedProcessManagementSignalHandling: function(1)",
    "enhancedProcessManagementStarting: function(1)",
    "enhancedProcessManagementTerminating: function(1)",
    "enhancedProcessManagementUncaughtException: function(2)",
    "enhancedProcessManagementUnhandledRejection: function(2)",
    "errorConnectingToBrowser: function(1)",
    "firefoxBinaryArgsExtracted: function(1)",
    "firefoxDetectedCustom: function(1)",
    "firefoxDetectedFlatpak: function(0)",
    "firefoxDetectedSnap: function(0)",
    "firefoxDetectedTraditional: function(1)",
    "firefoxDetectionFailed: function(1)",
    "firefoxDryRunBinary: function(1)",
    "firefoxDryRunConfig: function(1)",
    "firefoxDryRunNotLaunching: function(0)",
    "firefoxFailedToExtractProfilePath: function(0)",
    "firefoxFailedToStart: function(1)",
    "firefoxInspectSourceNonFatal: function(1)",
    "firefoxLaunchCalled: function(0)",
    "firefoxNoBinaryArgsFound: function(0)",
    "firefoxRdpClientConnected: function(2)",
    "firefoxRdpClientConnectionClosed: function(0)",
    "firefoxRdpClientConnectionError: function(1)",
    "firefoxRdpClientDocumentTitle: function(1)",
    "firefoxRdpClientFailedToGetMainHTML: function(0)",
    "firefoxRdpClientFinalHTMLLength: function(1)",
    "firefoxRdpClientFoundTargets: function(1)",
    "firefoxRdpClientLoadEventTimeout: function(0)",
    "firefoxRdpClientNoSuitableTargets: function(0)",
    "firefoxRdpClientPageLoadEventFired: function(0)",
    "firefoxRdpClientTestingEvaluation: function(0)",
    "firefoxRdpClientUsingTarget: function(2)",
    "firefoxRdpReloadCapabilitySummary: function(1)",
    "firefoxRdpRuntimeCapabilitySummary: function(1)",
    "firefoxRdpRuntimeReinjectionResult: function(1)",
    "firefoxRemoteDebuggingReady: function(0)",
    "firefoxServiceWorkerError: function(1)",
    "firefoxUnifiedLoggingFailed: function(1)",
    "firefoxUsingFlatpakWithSandbox: function(0)",
    "firefoxVersion: function(1)",
    "generalBrowserError: function(2)",
    "injectingAddOnsError: function(2)",
    "installDifferentBrowserHint: function(0)",
    "invalidChromiumBinaryPath: function(1)",
    "invalidGeckoBinaryPath: function(1)",
    "isUsingStartingUrl: function(2)",
    "locatingBrowser: function(1)",
    "manifestPreflightSummary: function(1)",
    "messageWithoutSenderError: function(2)",
    "messagingClientClosedError: function(1)",
    "parsingPacketError: function(2)",
    "pathIsNotDirectoryError: function(2)",
    "pathPermissionError: function(2)",
    "prettyPuppeteerInstallGuidance: function(3)",
    "profileCreationError: function(2)",
    "profileFallbackWarning: function(2)",
    "rdpAddTabFailed: function(1)",
    "rdpInvalidRequestPayload: function(0)",
    "requestWithoutTargetActorError: function(2)",
    "requireChromiumBinaryForChromiumBased: function(0)",
    "requireGeckoBinaryForGeckoBased: function(0)",
    "runningInDevelopment: function(6)",
    "safariBuildCalled: function(0)",
    "safariBuilding: function(1)",
    "safariBuilt: function(1)",
    "safariConverted: function(1)",
    "safariConverting: function(1)",
    "safariDryRunConverter: function(1)",
    "safariDryRunNotBuilding: function(0)",
    "safariDryRunXcodebuild: function(1)",
    "safariFailed: function(1)",
    "safariNextSteps: function(1)",
    "safariNotYetRegistered: function(1)",
    "safariOpening: function(1)",
    "safariRebuilt: function(1)",
    "safariRegistered: function(1)",
    "safariRequiresMacOS: function(1)",
    "safariToolchainMissing: function(1)",
    "safariXcodeRequired: function(1)",
    "separatorLine: function(0)",
    "skippingBrowserLaunchDueToCompileErrors: function(0)",
    "sourceInspectorAttachedToTarget: function(1)",
    "sourceInspectorAttachingToTarget: function(0)",
    "sourceInspectorAttemptingReconnection: function(0)",
    "sourceInspectorCDPConnectionMaintained: function(0)",
    "sourceInspectorCannotReconnect: function(0)",
    "sourceInspectorChromeDebuggingRequired: function(1)",
    "sourceInspectorChromeNotReadyYet: function(2)",
    "sourceInspectorCleanupComplete: function(0)",
    "sourceInspectorCleanupError: function(1)",
    "sourceInspectorClientNotInitialized: function(0)",
    "sourceInspectorCreatingTarget: function(0)",
    "sourceInspectorEnablingPageDomain: function(0)",
    "sourceInspectorEnsuringNavigation: function(0)",
    "sourceInspectorExtractingHTML: function(0)",
    "sourceInspectorFileChanged: function(0)",
    "sourceInspectorFindingExistingTarget: function(0)",
    "sourceInspectorFirefoxDebuggingRequired: function(1)",
    "sourceInspectorFirefoxNotReadyYet: function(2)",
    "sourceInspectorHTMLExtractionComplete: function(0)",
    "sourceInspectorHTMLOutputFooter: function(0)",
    "sourceInspectorHTMLOutputHeader: function(0)",
    "sourceInspectorHTMLOutputTitle: function(1)",
    "sourceInspectorHTMLUpdateFailed: function(1)",
    "sourceInspectorHtmlExtractFailed: function(0)",
    "sourceInspectorInitializationFailed: function(1)",
    "sourceInspectorInitialized: function(0)",
    "sourceInspectorInspectionFailed: function(1)",
    "sourceInspectorInvalidWebSocketServer: function(0)",
    "sourceInspectorNoActiveSession: function(0)",
    "sourceInspectorNoTabActorAvailable: function(0)",
    "sourceInspectorNoTabTargetFound: function(0)",
    "sourceInspectorNotInitialized: function(0)",
    "sourceInspectorOpeningUrl: function(1)",
    "sourceInspectorReExtractingHTML: function(0)",
    "sourceInspectorReconnectedToTarget: function(1)",
    "sourceInspectorReconnectingToTarget: function(0)",
    "sourceInspectorReconnectionFailed: function(1)",
    "sourceInspectorSetupFailed: function(1)",
    "sourceInspectorStartingWatchMode: function(0)",
    "sourceInspectorTargetCreated: function(1)",
    "sourceInspectorUrlRequired: function(0)",
    "sourceInspectorUsingExistingTarget: function(1)",
    "sourceInspectorWaitingForChrome: function(0)",
    "sourceInspectorWaitingForContentScriptReinjection: function(0)",
    "sourceInspectorWaitingForContentScripts: function(0)",
    "sourceInspectorWaitingForFirefox: function(0)",
    "sourceInspectorWaitingForPageLoad: function(0)",
    "sourceInspectorWatchModeActive: function(0)",
    "sourceInspectorWatchModeStopped: function(0)",
    "sourceInspectorWillInspect: function(1)",
    "stdoutData: function(2)",
    "targetActorHasActiveRequestError: function(2)",
    "unexpectedMessageReceivedError: function(2)",
    "unifiedLogLine: function(2)",
    "unsupportedBrowser: function(1)",
    "usingChromiumRunner: function(1)",
    "usingFirefoxRunner: function(1)",
    "wslDockerDesktopRunnerDisabled: function(0)",
  ],
  "messages.ts": [
    "checkUpdates: function(2)",
    "commandDescriptions: object",
    "fmt: object",
    "invalidAIHelpFormat: function(1)",
    "invalidLogsOptionPipe: function(1)",
    "invalidLogsOptionValue: function(2)",
    "noBrowserNotSupportedForCommand: function(1)",
    "noURLWithoutStart: function(1)",
    "notImplemented: function(1)",
    "programAIHelp: function(0)",
    "programAIHelpJSON: function(1)",
    "programUserHelp: function(0)",
    "removedNoRunnerFlag: function(0)",
    "safariCommandNotSupported: function(1)",
    "sourceIncompatibleWithNoBrowser: function(0)",
    "sourceIncompatibleWithWait: function(0)",
    "sourceInspectionNotSupported: function(1)",
    "unhandledError: function(1)",
    "unsupportedBrowserFlag: function(2)",
    "unsupportedNodeVersion: function(0)",
    "updateFailed: function(1)",
  ],
}
`;
