// Vitest Snapshot v1, https://vitest.dev/guide/snapshot.html

exports[`extension message catalogs > matches the exported message surface 1`] = `
{
  "browsers/browsers-lib/messages.ts": [
    "addonInstallError: function(2)",
    "bestEffortBannerPrintFailed: function(1)",
    "browserInstanceExited: function(1)",
    "browserLaunchError: function(2)",
    "browserNotInstalledError: function(2)",
    "browserRunnerError: function(1)",
    "capitalizedBrowserName: function(1)",
    "cdpAutoAttachSetupFailed: function(1)",
    "cdpClientAttachedToTarget: function(2)",
    "cdpClientBrowserConnectionEstablished: function(0)",
    "cdpClientConnected: function(2)",
    "cdpClientConnectionClosed: function(0)",
    "cdpClientConnectionError: function(1)",
    "cdpClientExtensionInfoFailed: function(2)",
    "cdpClientExtensionLoadFailed: function(2)",
    "cdpClientExtensionReloadFailed: function(2)",
    "cdpClientExtensionUnloadFailed: function(2)",
    "cdpClientFoundTargets: function(1)",
    "cdpClientLoadEventTimeout: function(0)",
    "cdpClientTargetWebSocketUrlStored: function(0)",
    "cdpFailedToHandleMessage: function(1)",
    "cdpPendingRejectFailed: function(1)",
    "cdpProtocolEventHandlerError: function(1)",
    "cdpUnifiedExtensionLog: function(2)",
    "chromeFailedToSpawn: function(1)",
    "chromeInitializingEnhancedReload: function(0)",
    "chromeProcessError: function(1)",
    "chromeProcessExited: function(1)",
    "chromiumDryRunBinary: function(1)",
    "chromiumDryRunFlags: function(1)",
    "chromiumDryRunNotLaunching: function(0)",
    "connectionClosedError: function(1)",
    "creatingUserProfile: function(1)",
    "devChromeProfilePath: function(1)",
    "devChromiumDebugPort: function(2)",
    "devFirefoxDebugPort: function(2)",
    "devFirefoxProfilePath: function(1)",
    "emptyLine: function(0)",
    "enhancedProcessManagementCleanup: function(1)",
    "enhancedProcessManagementCleanupError: function(2)",
    "enhancedProcessManagementForceKill: function(1)",
    "enhancedProcessManagementTerminating: function(1)",
    "enhancedProcessManagementUncaughtException: function(2)",
    "enhancedProcessManagementUnhandledRejection: function(2)",
    "errorConnectingToBrowser: function(1)",
    "firefoxBinaryArgsExtracted: function(1)",
    "firefoxDryRunBinary: function(1)",
    "firefoxDryRunConfig: function(1)",
    "firefoxDryRunNotLaunching: function(0)",
    "firefoxFailedToStart: function(1)",
    "firefoxInspectSourceNonFatal: function(1)",
    "firefoxLaunchCalled: function(0)",
    "firefoxNoBinaryArgsFound: function(0)",
    "firefoxRdpClientConnected: function(2)",
    "firefoxRdpClientFailedToGetMainHTML: function(0)",
    "firefoxRdpClientTestingEvaluation: function(0)",
    "firefoxRdpReinjectListAddonsFailed: function(1)",
    "firefoxRdpReinjectNoDescriptor: function(2)",
    "firefoxRdpReinjectWatchTargetsFailed: function(2)",
    "firefoxRdpReinjectWatcherUnavailable: function(2)",
    "firefoxRdpRuntimeCapabilitySummary: function(1)",
    "generalBrowserError: function(2)",
    "invalidChromiumBinaryPath: function(1)",
    "invalidGeckoBinaryPath: function(1)",
    "locatingBrowser: function(1)",
    "messageWithoutSenderError: function(2)",
    "messagingClientClosedError: function(1)",
    "parsingPacketError: function(2)",
    "prettyPuppeteerInstallGuidance: function(3)",
    "rdpInvalidRequestPayload: function(0)",
    "requireChromiumBinaryForChromiumBased: function(0)",
    "requireGeckoBinaryForGeckoBased: function(0)",
    "runningInDevelopment: function(6)",
    "safariBuildCalled: function(0)",
    "safariBuilding: function(1)",
    "safariBuilt: function(1)",
    "safariConverted: function(1)",
    "safariConverting: function(1)",
    "safariDryRunConverter: function(1)",
    "safariDryRunNotBuilding: function(0)",
    "safariDryRunXcodebuild: function(1)",
    "safariFailed: function(1)",
    "safariNextSteps: function(1)",
    "safariNotYetRegistered: function(1)",
    "safariOpening: function(1)",
    "safariProjectStale: function(0)",
    "safariRebuilt: function(1)",
    "safariRegistered: function(1)",
    "safariRequiresMacOS: function(1)",
    "safariSettingsPreserved: function(1)",
    "safariSkippingConversion: function(0)",
    "safariToolchainMissing: function(1)",
    "safariXcodeRequired: function(1)",
    "separatorLine: function(0)",
    "skippingBrowserLaunchDueToCompileErrors: function(0)",
    "targetActorHasActiveRequestError: function(2)",
    "usingManagedChromiumFamilyFallback: function(3)",
  ],
  "messages.ts": [
    "checkUpdates: function(2)",
    "commandDescriptions: object",
    "fmt: object",
    "invalidAIHelpFormat: function(1)",
    "noBrowserNotSupportedForCommand: function(1)",
    "noURLWithoutStart: function(1)",
    "notImplemented: function(1)",
    "programAIHelp: function(0)",
    "programAIHelpJSON: function(1)",
    "programUserHelp: function(0)",
    "removedNoRunnerFlag: function(0)",
    "safariCommandNotSupported: function(1)",
    "unhandledError: function(1)",
    "unsupportedBrowserFlag: function(2)",
    "updateFailed: function(1)",
  ],
}
`;
