// Vitest Snapshot v1, https://vitest.dev/guide/snapshot.html

exports[`programAIHelp > matches the published AI-help JSON contract shape 1`] = `
{
  "capabilities": {
    "dockerAndContainers": {
      "hostFlag": "--host 0.0.0.0 binds the dev server to all interfaces",
      "notes": [
        "Use --no-browser inside the container and load dist/<browser>/ in the host browser",
        "File watching uses polling (1s interval) for bind-mount compatibility",
        "--no-sandbox is added automatically when a container environment is detected",
      ],
      "sandboxDetection": [
        "/.dockerenv",
        "/run/.containerenv",
        "REMOTE_CONTAINERS=true",
        "CODESPACES=true",
        "container env var",
      ],
    },
    "logger": {
      "formats": [
        "pretty",
        "json",
        "ndjson",
      ],
      "levels": [
        "off",
        "error",
        "warn",
        "info",
        "debug",
        "trace",
        "all",
      ],
      "notes": [
        "centralized logger streams logs from multiple extension contexts",
        "--logs defaults to off unless explicitly enabled",
      ],
    },
    "managedDependencies": {
      "action": "print an error and abort",
      "enforcement": "guarded",
      "trigger": "when managed packages are declared in package.json and imported as a module specifier in extension.config",
    },
    "readyContract": {
      "eventTypes": [
        "compile_start",
        "compile_success",
        "compile_error",
        "shutdown",
      ],
      "eventsPath": "dist/extension-js/<browser>/events.ndjson",
      "notes": [
        "ready.json is written atomically by the build (dev/start) on each compile",
        "events.ndjson is reset at every run start and appends entries with runId, durationMs and errorCount for that run only, join on runId across runs",
        "--wait requires a local project path (remote URLs are not supported)",
        "consumers should verify pid liveness and recency before trusting a contract",
      ],
      "readyFields": [
        "status",
        "command",
        "browser",
        "runId",
        "startedAt",
        "distPath",
        "manifestPath",
        "port",
        "pid",
        "ts",
        "compiledAt",
        "errors",
      ],
      "readyPath": "dist/extension-js/<browser>/ready.json",
      "statuses": [
        "starting",
        "ready",
        "error",
        "stopped",
      ],
      "waitFlag": "--wait blocks until ready.json reports ready (or error) then exits, pair with --output json for machine output (--wait-format is a deprecated alias)",
    },
  },
  "commands": [
    {
      "name": "create",
      "summary": "Create a new extension from a template (React, TypeScript, Vue, Svelte, etc.)",
      "supportsSourceInspection": false,
    },
    {
      "name": "dev",
      "summary": "Start the development server with hot reloading",
      "supportsSourceInspection": true,
    },
    {
      "name": "start",
      "summary": "Build and start the extension in production mode",
      "supportsSourceInspection": false,
    },
    {
      "name": "preview",
      "summary": "Preview the extension in production mode without building",
      "supportsSourceInspection": false,
    },
    {
      "name": "build",
      "summary": "Build the extension for packaging and distribution",
      "supportsSourceInspection": false,
    },
    {
      "name": "logs",
      "summary": "Print or stream logs from every context of a running dev session",
      "supportsSourceInspection": false,
    },
    {
      "name": "eval",
      "summary": "Evaluate an expression in a running extension context (requires --allow-eval)",
      "supportsSourceInspection": false,
    },
    {
      "name": "storage",
      "summary": "Read or write chrome.storage in a running extension (requires --allow-control)",
      "supportsSourceInspection": false,
    },
    {
      "name": "reload",
      "summary": "Reload a running extension or tab (requires --allow-control)",
      "supportsSourceInspection": false,
    },
    {
      "name": "open",
      "summary": "Open an extension surface: popup, options, sidebar, action, or command (requires --allow-control)",
      "supportsSourceInspection": false,
    },
    {
      "name": "inspect",
      "summary": "Inspect a page or content DOM through the agent bridge (CDP-free, requires --allow-control)",
      "supportsSourceInspection": true,
    },
    {
      "name": "publish",
      "summary": "Publish to extension.dev and print a shareable URL (requires EXTENSION_DEV_TOKEN)",
      "supportsSourceInspection": false,
    },
    {
      "name": "install",
      "summary": "Install a managed browser binary into the Extension.js cache",
      "supportsSourceInspection": false,
    },
    {
      "name": "uninstall",
      "summary": "Remove managed browser binaries from the Extension.js cache",
      "supportsSourceInspection": false,
    },
    {
      "name": "telemetry",
      "summary": "Manage anonymous telemetry consent (enable, disable, or show status)",
      "supportsSourceInspection": false,
    },
    {
      "name": "doctor",
      "summary": "Diagnose a dev session: ready contract, control channel, token, executor, browser",
      "supportsSourceInspection": false,
    },
    {
      "name": "capabilities",
      "summary": "Print the engine version, contract versions, and json-capable commands",
      "supportsSourceInspection": false,
    },
  ],
  "examples": [
    "extension --ai-help",
    "extension --ai-help --output json",
    "extension dev ./my-ext --logs=info --log-format=json",
    "extension dev ./my-ext --host 0.0.0.0 --no-browser",
    "extension dev ./my-ext --wait --browser=chromium --output json",
    "extension start ./my-ext --wait --browser=chromium --output json",
    "extension dev ./my-ext --gecko-binary flatpak:org.mozilla.firefox",
    "extension install chromium",
    "extension install --where",
    "extension uninstall --where",
    "extension uninstall --all",
  ],
  "globalOptions": [
    {
      "description": "Show AI-assistant oriented help and tips",
      "name": "--ai-help",
    },
    {
      "default": "pretty",
      "description": "Result format for --ai-help (--format is a deprecated alias)",
      "name": "--output",
      "values": [
        "pretty",
        "json",
      ],
    },
    {
      "description": "Disable anonymous telemetry for this run. Persistent toggle: \`extension telemetry disable\`. Hard override: \`EXTENSION_TELEMETRY=0\`.",
      "name": "--no-telemetry",
    },
    {
      "default": "chromium",
      "description": "Target browser/engine",
      "name": "--browser",
      "values": [
        "chrome",
        "edge",
        "firefox",
        "chromium",
        "chromium-based",
        "gecko-based",
        "firefox-based",
      ],
    },
    {
      "default": "8080",
      "description": "Development server port (use 0 for OS-assigned available port)",
      "name": "--port",
    },
    {
      "default": "127.0.0.1",
      "description": "Dev server host address (use 0.0.0.0 for Docker/devcontainers)",
      "name": "--host",
    },
    {
      "default": "bind host (127.0.0.1 when bound to 0.0.0.0)",
      "description": "Connectable host the browser dials for HMR + the reload bridge when it differs from the bind host (remote/devcontainer)",
      "name": "--public-host",
    },
  ],
  "templates": {
    "aliases": [
      {
        "name": "new",
        "note": "renamed to newtab",
        "resolvesTo": "newtab",
      },
      {
        "name": "new-browser-flags",
        "note": "renamed to newtab-browser-flags",
        "resolvesTo": "newtab-browser-flags",
      },
      {
        "name": "new-config-eslint",
        "note": "renamed to newtab-config-eslint",
        "resolvesTo": "newtab-config-eslint",
      },
      {
        "name": "new-config-prettier",
        "note": "renamed to newtab-config-prettier",
        "resolvesTo": "newtab-config-prettier",
      },
      {
        "name": "new-config-stylelint",
        "note": "renamed to newtab-config-stylelint",
        "resolvesTo": "newtab-config-stylelint",
      },
      {
        "name": "new-crypto",
        "note": "renamed to newtab-crypto",
        "resolvesTo": "newtab-crypto",
      },
      {
        "name": "new-env",
        "note": "renamed to newtab-env",
        "resolvesTo": "newtab-env",
      },
      {
        "name": "new-less",
        "note": "renamed to newtab-less",
        "resolvesTo": "newtab-less",
      },
      {
        "name": "new-preact",
        "note": "renamed to newtab-preact",
        "resolvesTo": "newtab-preact",
      },
      {
        "name": "new-react",
        "note": "renamed to newtab-react",
        "resolvesTo": "newtab-react",
      },
      {
        "name": "new-react-router",
        "note": "renamed to newtab-react-router",
        "resolvesTo": "newtab-react-router",
      },
      {
        "name": "new-sass",
        "note": "renamed to newtab-sass",
        "resolvesTo": "newtab-sass",
      },
      {
        "name": "new-svelte",
        "note": "renamed to newtab-svelte",
        "resolvesTo": "newtab-svelte",
      },
      {
        "name": "new-typescript",
        "note": "renamed to newtab-typescript",
        "resolvesTo": "newtab-typescript",
      },
      {
        "name": "new-vue",
        "note": "renamed to newtab-vue",
        "resolvesTo": "newtab-vue",
      },
    ],
    "bundled": [
      "javascript",
    ],
    "catalogUrl": "https://github.com/extension-js/examples/tree/e6bee72ae08802f2f14048271fb93f76c10d6a37/examples",
    "corpus": {
      "ref": "e6bee72ae08802f2f14048271fb93f76c10d6a37",
      "repo": "extension-js/examples",
    },
    "default": "javascript",
    "groups": [
      {
        "summary": "a bare manifest, or one language or framework with sidebar UI",
        "templates": [
          "init",
          "javascript",
          "typescript",
          "react",
          "preact",
          "vue",
          "svelte",
        ],
        "title": "Starters",
      },
      {
        "summary": "side panel on Chromium, sidebar action on Firefox",
        "templates": [
          "sidebar",
          "sidebar-antd",
          "sidebar-shadcn",
          "sidebar-monorepo-turborepo",
          "sidebar-monorepo-nx",
          "ai-chatgpt",
          "ai-claude",
          "ai-gemini",
          "ai-perplexity",
          "playwright",
          "transformers-js",
        ],
        "title": "Sidebar",
      },
      {
        "summary": "code injected into the pages you browse",
        "templates": [
          "content",
          "content-css-modules",
          "content-custom-font",
          "content-env",
          "content-less",
          "content-less-modules",
          "content-main-world",
          "content-multi-one-entry",
          "content-multi-three-entries",
          "content-preact",
          "content-react",
          "content-sass",
          "content-sass-modules",
          "content-svelte",
          "content-typescript",
          "content-vue",
        ],
        "title": "Content scripts",
      },
      {
        "summary": "replaces the browser new tab page",
        "templates": [
          "newtab",
          "newtab-browser-flags",
          "newtab-config-eslint",
          "newtab-config-prettier",
          "newtab-config-stylelint",
          "newtab-crypto",
          "newtab-env",
          "newtab-less",
          "newtab-preact",
          "newtab-react",
          "newtab-react-router",
          "newtab-sass",
          "newtab-svelte",
          "newtab-typescript",
          "newtab-vue",
        ],
        "title": "New tab",
      },
      {
        "summary": "popup opened from the toolbar button",
        "templates": [
          "action",
          "action-locales",
        ],
        "title": "Toolbar action",
      },
      {
        "summary": "pages/ and scripts/ entrypoints",
        "templates": [
          "special-folders-pages",
          "special-folders-scripts",
        ],
        "title": "Special folders",
      },
    ],
    "names": [
      "init",
      "javascript",
      "typescript",
      "react",
      "preact",
      "vue",
      "svelte",
      "sidebar",
      "sidebar-antd",
      "sidebar-shadcn",
      "sidebar-monorepo-turborepo",
      "sidebar-monorepo-nx",
      "ai-chatgpt",
      "ai-claude",
      "ai-gemini",
      "ai-perplexity",
      "playwright",
      "transformers-js",
      "content",
      "content-css-modules",
      "content-custom-font",
      "content-env",
      "content-less",
      "content-less-modules",
      "content-main-world",
      "content-multi-one-entry",
      "content-multi-three-entries",
      "content-preact",
      "content-react",
      "content-sass",
      "content-sass-modules",
      "content-svelte",
      "content-typescript",
      "content-vue",
      "newtab",
      "newtab-browser-flags",
      "newtab-config-eslint",
      "newtab-config-prettier",
      "newtab-config-stylelint",
      "newtab-crypto",
      "newtab-env",
      "newtab-less",
      "newtab-preact",
      "newtab-react",
      "newtab-react-router",
      "newtab-sass",
      "newtab-svelte",
      "newtab-typescript",
      "newtab-vue",
      "action",
      "action-locales",
      "special-folders-pages",
      "special-folders-scripts",
    ],
    "notes": [
      "extension create <name> with no --template scaffolds javascript",
      "every name in bundled[] ships inside the CLI package and scaffolds offline. Every other name downloads the examples archive at create time",
      "a GitHub URL or a ZIP URL is accepted in place of a catalog name",
      "a name outside names[] fails with TemplateNotFoundError and creates nothing",
      "names[] is generated from extension-js/examples at corpus.ref, the exact commit this CLI version downloads, so it is what this version can scaffold and not the current contents of the catalog repository",
    ],
  },
  "version": "0.0.0-snapshot",
}
`;
