// Vitest Snapshot v1, https://vitest.dev/guide/snapshot.html

exports[`develop message catalogs > matches the exported message surface 1`] = `
{
  "dev-server/messages.ts": [
    "autoExitForceKill: function(1)",
    "autoExitModeEnabled: function(1)",
    "autoExitTriggered: function(1)",
    "browserRunnerDisabled: function(1)",
    "bundlerFatalError: function(1)",
    "bundlerRecompiling: function(0)",
    "devServerStartTimeout: function(1)",
    "extensionJsRunnerError: function(1)",
    "noEntrypointsDetected: function(1)",
    "portInUse: function(2)",
    "ready: function(2)",
    "spacerLine: function(0)",
  ],
  "lib/messages.ts": [
    "authorInstallNotice: function(1)",
    "buildCommandFailed: function(1)",
    "buildSuccess: function(0)",
    "buildSuccessWithWarnings: function(1)",
    "buildWarningsDetails: function(1)",
    "buildWebpack: function(3)",
    "building: function(1)",
    "configLoadingError: function(2)",
    "creatingProjectPath: function(1)",
    "debugBrowser: function(3)",
    "debugContextPath: function(1)",
    "debugDirs: function(2)",
    "debugExtensionsToLoad: function(1)",
    "debugOutputPath: function(1)",
    "debugPreviewOutput: function(2)",
    "devCommandFailed: function(1)",
    "downloadedProjectFolderNotFound: function(2)",
    "downloadingProjectPath: function(1)",
    "downloadingText: function(1)",
    "failedToDownloadOrExtractZIPFileError: function(1)",
    "fetchingProjectPath: function(2)",
    "fmt: object",
    "invalidRemoteZip: function(2)",
    "isUsingExperimentalConfig: function(1)",
    "localZipNotFound: function(1)",
    "managedDependencyConflict: function(2)",
    "manifestInvalidJson: function(2)",
    "manifestNotFoundError: function(1)",
    "noCompanionExtensionsResolved: function(0)",
    "notAZipArchive: function(2)",
    "notAnExtensionManifestError: function(1)",
    "packagingDistributionFiles: function(1)",
    "packagingSourceFiles: function(1)",
    "previewSkippedNoBrowser: function(1)",
    "previewing: function(1)",
    "projectInstallFallbackToNpm: function(1)",
    "projectInstallScriptsDisabled: function(1)",
    "remoteFetchTimedOut: function(2)",
    "resolvedWorkspaceManifest: function(2)",
    "treeWithDistFilesbrowser: function(4)",
    "treeWithSourceAndDistFiles: function(4)",
    "treeWithSourceFiles: function(4)",
    "unpackagedSuccessfully: function(0)",
    "unpackagingExtension: function(1)",
    "writingTypeDefinitions: function(1)",
    "writingTypeDefinitionsError: function(1)",
  ],
  "plugin-compatibility/compatibility-lib/messages.ts": [
    "compatibilityPolyfillDisabled: function(1)",
    "compatibilityPolyfillEnabled: function(2)",
    "compatibilityPolyfillSkipped: function(2)",
    "webextensionPolyfillNotFound: function(0)",
  ],
  "plugin-compilation/compilation-lib/messages.ts": [
    "boring: function(3)",
    "cleanDistRemovedSummary: function(2)",
    "cleanDistSkippedNotFound: function(1)",
    "cleanDistStarting: function(1)",
    "envInjectedPublicVars: function(1)",
    "envNoMatchingFile: function(4)",
    "envSelectedFile: function(1)",
    "extensionJsRunnerError: function(1)",
    "portInUse: function(2)",
    "zipPackagingSkipped: function(1)",
  ],
  "plugin-css/css-lib/messages.ts": [
    "cssConfigsDetected: function(3)",
    "cssIntegrationsEnabled: function(1)",
    "cssParseErrorShippedVerbatim: function(2)",
    "deadCssUrlRef: function(2)",
    "isUsingIntegration: function(1)",
    "missingSassDependency: function(0)",
    "postCssPluginNotResolved: function(2)",
    "preprocessorShippedUncompiled: function(2)",
    "youAreAllSet: function(1)",
  ],
  "plugin-js-frameworks/js-frameworks-lib/messages.ts": [
    "creatingTSConfig: function(0)",
    "failedToInstallIntegration: function(2)",
    "installingRootDependencies: function(1)",
    "integrationInstalledSuccessfully: function(1)",
    "isUsingCustomLoader: function(1)",
    "isUsingIntegration: function(1)",
    "jsFrameworksConfigsDetected: function(3)",
    "jsFrameworksHmrSummary: function(2)",
    "jsFrameworksIntegrationsEnabled: function(1)",
    "youAreAllSet: function(1)",
  ],
  "plugin-perf-budgets/messages.ts": [
    "perfBudgetWarning: function(1)",
  ],
  "plugin-special-folders/messages.ts": [
    "serverRestartRequiredFromSpecialFolderMessageOnly: function(3)",
    "specialFolderChangeDetected: function(3)",
    "specialFoldersSetupSummary: function(3)",
  ],
  "plugin-static-assets/static-assets-lib/messages.ts": [
    "assetsConfigsDetected: function(5)",
    "assetsEmittedSummary: function(2)",
    "assetsRulesEnabled: function(1)",
  ],
  "plugin-web-extension/feature-html/html-lib/messages.ts": [
    "cssError: function(3)",
    "fileNotFound: function(3)",
    "htmlFileNotFoundMessageOnly: function(0)",
    "javaScriptError: function(3)",
    "manifestFieldMessageOnly: function(1)",
    "manifestHtmlEntrypointChange: function(3)",
    "manifestPageMissing: function(2)",
    "remoteResourceWarning: function(3)",
    "serverRestartRequiredFromHtml: function(2)",
    "staticAssetError: function(3)",
  ],
  "plugin-web-extension/feature-icons/messages.ts": [
    "iconsDepsTracked: function(1)",
    "iconsEmitSummary: function(2)",
    "iconsMissingFile: function(3)",
    "iconsNormalizationSummary: function(3)",
    "manifestIconsEntrypointChange: function(3)",
  ],
  "plugin-web-extension/feature-json/messages.ts": [
    "entryNotFoundMessageOnly: function(2)",
    "invalidJsonSyntax: function(3)",
    "invalidManagedSchemaStructure: function(2)",
    "invalidRulesetStructure: function(2)",
    "jsonDepsTracked: function(1)",
    "jsonEmitSummary: function(2)",
    "jsonIncludeSummary: function(2)",
    "jsonMissingFile: function(3)",
  ],
  "plugin-web-extension/feature-locales/messages.ts": [
    "defaultLocaleFolderMissing: function(1)",
    "defaultLocaleMessagesMissing: function(1)",
    "defaultLocaleSpecifiedButLocalesMissing: function(0)",
    "entryNotFoundMessageOnly: function(2)",
    "invalidMessagesJson: function(1)",
    "localesDepsTracked: function(1)",
    "localesEmitSummary: function(3)",
    "localesIncludeSummary: function(3)",
    "localesMustBeAtProjectRoot: function(2)",
    "localesPresentButNoDefaultLocale: function(0)",
    "localesValidationDetected: function(1)",
    "manifestNotFoundMessageOnly: function(1)",
    "missingManifestMessageKey: function(2)",
  ],
  "plugin-web-extension/feature-manifest/messages.ts": [
    "fatalManifestShapeFixed: function(2)",
    "legacyManifestPathWarning: function(1)",
    "manifestDepsTracked: function(1)",
    "manifestEmitSuccess: function(0)",
    "manifestIncludeSummary: function(2)",
    "manifestInvalidError: function(1)",
    "manifestLegacyWarningsSummary: function(1)",
    "manifestOverridesSummary: function(2)",
    "serverRestartRequiredFromManifestError: function(2)",
  ],
  "plugin-web-extension/feature-scripts/messages.ts": [
    "backgroundIsRequiredMessageOnly: function(1)",
    "fetchedFileDependencyMissing: function(3)",
    "getURLDependencyMissing: function(3)",
    "importScriptsDependencyMissing: function(4)",
    "injectedFileDependencyMissing: function(4)",
    "reservedScriptsFolder: function(2)",
    "staticImportDependencyMissing: function(3)",
  ],
  "plugin-web-extension/feature-web-resources/web-resources-lib/messages.ts": [
    "entryImportsSummary: function(2)",
    "warFieldError: function(2)",
    "warInvalidMatchPattern: function(1)",
    "warPatchedSummary: function(3)",
    "warStringEntryInMv3: function(1)",
  ],
}
`;
